#-----------------------------------------------------------
# Vivado v2019.1 (64-bit)
# SW Build 2552052 on Fri May 24 14:49:42 MDT 2019
# IP Build 2548770 on Fri May 24 18:01:18 MDT 2019
# Start of session at: Fri Feb 14 10:54:25 2020
# Process ID: 9564
# Current directory: C:/Users/jsickafo/Desktop/lab5
# Command line: vivado.exe -gui_launcher_event rodinguilauncherevent12260 C:\Users\jsickafo\Desktop\lab5\lab5.xpr
# Log file: C:/Users/jsickafo/Desktop/lab5/vivado.log
# Journal file: C:/Users/jsickafo/Desktop/lab5\vivado.jou
#-----------------------------------------------------------
start_gui
open_project C:/Users/jsickafo/Desktop/lab5/lab5.xpr
reset_run synth_1
launch_runs impl_1 -to_step write_bitstream
wait_on_run impl_1
open_hw
connect_hw_server
open_hw_target
set_property PROGRAM.FILE {C:/Users/jsickafo/Desktop/lab5/lab5.runs/impl_1/top_lab5.bit} [get_hw_devices xc7a35t_0]
current_hw_device [get_hw_devices xc7a35t_0]
refresh_hw_device -update_hw_probes false [lindex [get_hw_devices xc7a35t_0] 0]
set_property PROBES.FILE {} [get_hw_devices xc7a35t_0]
set_property FULL_PROBES.FILE {} [get_hw_devices xc7a35t_0]
set_property PROGRAM.FILE {C:/Users/jsickafo/Desktop/lab5/lab5.runs/impl_1/top_lab5.bit} [get_hw_devices xc7a35t_0]
program_hw_devices [get_hw_devices xc7a35t_0]
refresh_hw_device [lindex [get_hw_devices xc7a35t_0] 0]
launch_simulation
source test_top.tcl
current_wave_config {Untitled 1}
add_wave {{/test_top/UUT/Q_LSFR}} 
relaunch_sim
run 10 us
current_wave_config {Untitled 1}
add_wave {{/test_top/UUT/LSFR}} 
relaunch_sim
run 10000 us
relaunch_sim
run 1000 us
reset_run synth_1
launch_runs impl_1 -to_step write_bitstream
wait_on_run impl_1
set_property PROBES.FILE {} [get_hw_devices xc7a35t_0]
set_property FULL_PROBES.FILE {} [get_hw_devices xc7a35t_0]
set_property PROGRAM.FILE {C:/Users/jsickafo/Desktop/lab5/lab5.runs/impl_1/top_lab5.bit} [get_hw_devices xc7a35t_0]
program_hw_devices [get_hw_devices xc7a35t_0]
refresh_hw_device [lindex [get_hw_devices xc7a35t_0] 0]
close_sim
launch_simulation
source test_top.tcl
current_wave_config {Untitled 2}
add_wave {{/test_top/UUT/Q_LSFR}} 
relaunch_sim
run 1000 us
run 10000 ns
reset_run synth_1
launch_runs impl_1 -to_step write_bitstream
wait_on_run impl_1
set_property PROBES.FILE {} [get_hw_devices xc7a35t_0]
set_property FULL_PROBES.FILE {} [get_hw_devices xc7a35t_0]
set_property PROGRAM.FILE {C:/Users/jsickafo/Desktop/lab5/lab5.runs/impl_1/top_lab5.bit} [get_hw_devices xc7a35t_0]
program_hw_devices [get_hw_devices xc7a35t_0]
refresh_hw_device [lindex [get_hw_devices xc7a35t_0] 0]
archive_project C:/Users/jsickafo/Desktop/lab5.xpr.zip -temp_dir C:/Users/jsickafo/Desktop/lab5/.Xil/Vivado-9564-104PC10 -force -include_local_ip_cache
